gplink-0.13.7 beta
Map File - Created 12-20-2013  11:30:45
 
                                 Section Info
                  Section       Type    Address   Location Size(Bytes)
                ---------  ---------  ---------  ---------  ---------
S_boot_iface__boot_goto_table       code   0x00001c    program   0x00005e
S_application_iface__application_data       code   0x002000    program   0x00001a
                    .code       code   0x00201a    program   0x000344
          S_main__pinmode       code   0x00235e    program   0x0001a2
     S_main__digitalwrite       code   0x002500    program   0x0001a2
      S_main__digitalread       code   0x0026a2    program   0x000126
S_crt0ipinguino___do_cinit       code   0x0027c8    program   0x000098
          S_main__Delayms       code   0x002860    program   0x000056
          S_main__Delayus       code   0x0028b6    program   0x000050
             S_main__loop       code   0x002906    program   0x000048
           S_main__toggle       code   0x00294e    program   0x000042
    S_main__pinguino_main       code   0x002990    program   0x000020
          S_main__IO_init       code   0x0029b0    program   0x00001e
S_crt0ipinguino___startup       code   0x0029ce    program   0x000018
            S_main__setup       code   0x0029e6    program   0x000010
                   .cinit       code   0x0029f6    program   0x00000e
       S_main__IO_digital       code   0x002a04    program   0x00000a
                 .idata_i       code   0x002a0e    program   0x000004
S_crt0ipinguino__application_main       code   0x002a12    program   0x000004
S_usb_descriptors__null_function       code   0x002a16    program   0x000002
     S_main__epapout_init       code   0x002a18    program   0x000002
      S_main__epapin_init       code   0x002a1a    program   0x000002
         S_main__epap_out       code   0x002a1c    program   0x000002
          S_main__epap_in       code   0x002a1e    program   0x000002
                   .idata      idata   0x000200       data   0x000003
               .registers      udata   00000000       data   0x000005
      ustat_boot_iface_00      udata   0x00005d       data   0x000003
            stack_section      udata   0x000100       data   0x000100
      ustat_pic18f2550_00      udata   0x000f66       data   0x00001d
      ustat_pic18f2550_01      udata   0x000f84       data   0x000001
      ustat_pic18f2550_02      udata   0x000f89       data   0x000003
      ustat_pic18f2550_03      udata   0x000f92       data   0x000003
      ustat_pic18f2550_04      udata   0x000f9b       data   0x000001
      ustat_pic18f2550_05      udata   0x000f9d       data   0x000006
      ustat_pic18f2550_06      udata   0x000fa6       data   0x000004
      ustat_pic18f2550_07      udata   0x000fab       data   0x00000e
      ustat_pic18f2550_08      udata   0x000fba       data   0x00001a
      ustat_pic18f2550_09      udata   0x000fd5       data   0x00002b
 
                              Program Memory Usage
                               Start         End
                           ---------   ---------
                            0x002000    0x002019
                            0x00001c    0x000079
                            0x002a16    0x002a17
                            0x00201a    0x00235d
                            0x002a0e    0x002a11
                            0x0027c8    0x00285f
                            0x0029ce    0x0029e5
                            0x002a12    0x002a15
                            0x002990    0x0029af
                            0x002a18    0x002a19
                            0x002a1a    0x002a1b
                            0x002a1c    0x002a1d
                            0x002a1e    0x002a1f
                            0x002906    0x00294d
                            0x0029e6    0x0029f5
                            0x002a04    0x002a0d
                            0x0029b0    0x0029cd
                            0x00294e    0x00298f
                            0x00235e    0x0024ff
                            0x0026a2    0x0027c7
                            0x002500    0x0026a1
                            0x0028b6    0x002905
                            0x002860    0x0028b5
                            0x0029f6    0x002a03
 
                            1343 program addresses used
 
                              Symbols
                     Name    Address   Location    Storage File
                ---------  ---------  ---------  --------- ---------
        _application_data   0x002000    program     extern application_iface.asm
  _usb_active_alt_setting   0x00005d       data     extern boot_iface.asm
          _usb_active_cfg   0x00005e       data     extern boot_iface.asm
        _usb_device_state   0x00005f       data     extern boot_iface.asm
         _boot_goto_table   0x00001c    program     extern boot_iface.asm
            _boot_version   0x00001c    program     extern boot_iface.asm
      _dispatch_usb_event   0x00001e    program     extern boot_iface.asm
               _reset_usb   0x000022    program     extern boot_iface.asm
               _usb_sleep   0x000026    program     extern boot_iface.asm
          _fill_in_buffer   0x00002a    program     extern boot_iface.asm
                _ep0_init   0x00002e    program     extern boot_iface.asm
                  _ep0_in   0x000032    program     extern boot_iface.asm
               _ep0_setup   0x000036    program     extern boot_iface.asm
                _ep1_init   0x00003a    program     extern boot_iface.asm
                 _ep1_out   0x00003e    program     extern boot_iface.asm
                _ep2_init   0x000042    program     extern boot_iface.asm
                  _ep2_in   0x000046    program     extern boot_iface.asm
                __mullong   0x00004a    program     extern boot_iface.asm
                 __mulint   0x00004e    program     extern boot_iface.asm
               __gptrget1   0x000052    program     extern boot_iface.asm
               __gptrget2   0x000056    program     extern boot_iface.asm
               __gptrget3   0x00005a    program     extern boot_iface.asm
               __gptrget4   0x00005e    program     extern boot_iface.asm
               __gptrput1   0x000062    program     extern boot_iface.asm
               __gptrput2   0x000066    program     extern boot_iface.asm
               __gptrput3   0x00006a    program     extern boot_iface.asm
             _delay10ktcy   0x00006e    program     extern boot_iface.asm
              _delay1ktcy   0x000072    program     extern boot_iface.asm
              _delay10tcy   0x000076    program     extern boot_iface.asm
           _null_function   0x002a16    program     extern usb_descriptors.asm
       _device_descriptor   0x00201a    program     extern usb_descriptors.asm
             _default_cfg   0x00202c    program     extern usb_descriptors.asm
               _flash_cfg   0x00203e    program     extern usb_descriptors.asm
         _application_cfg   0x00205e    program     extern usb_descriptors.asm
_configuration_descriptor   0x00207e    program     extern usb_descriptors.asm
                    _str0   0x002088    program     extern usb_descriptors.asm
                    _str1   0x00208c    program     extern usb_descriptors.asm
                    _str2   0x0020b2    program     extern usb_descriptors.asm
                    _str3   0x0020d4    program     extern usb_descriptors.asm
                    _str4   0x0020d8    program     extern usb_descriptors.asm
                    _str5   0x0020e8    program     extern usb_descriptors.asm
                    _str6   0x0020f4    program     extern usb_descriptors.asm
       _string_descriptor   0x002110    program     extern usb_descriptors.asm
            _ep_init_cfg0   0x002126    program     static usb_descriptors.asm
            _ep_init_cfg1   0x002156    program     static usb_descriptors.asm
            _ep_init_cfg2   0x002186    program     static usb_descriptors.asm
                 _ep_init   0x0021b6    program     extern usb_descriptors.asm
              _ep_in_cfg0   0x0021c2    program     static usb_descriptors.asm
              _ep_in_cfg1   0x0021f2    program     static usb_descriptors.asm
              _ep_in_cfg2   0x002222    program     static usb_descriptors.asm
                   _ep_in   0x002252    program     extern usb_descriptors.asm
             _ep_out_cfg0   0x00225e    program     static usb_descriptors.asm
             _ep_out_cfg1   0x00228e    program     static usb_descriptors.asm
             _ep_out_cfg2   0x0022be    program     static usb_descriptors.asm
                  _ep_out   0x0022ee    program     extern usb_descriptors.asm
           _ep_setup_cfg0   0x0022fa    program     static usb_descriptors.asm
                _ep_setup   0x00232a    program     extern usb_descriptors.asm
                ___uflags   0x000200       data     extern obj/Debug/crt0ipinguino.asm
               __do_cinit   0x0027c8    program     extern obj/Debug/crt0ipinguino.asm
                     test   0x0027e2    program     static obj/Debug/crt0ipinguino.asm
                    cont1   0x0027e8    program     static obj/Debug/crt0ipinguino.asm
                copy_loop   0x002836    program     static obj/Debug/crt0ipinguino.asm
            copy_one_byte   0x00283c    program     static obj/Debug/crt0ipinguino.asm
             done_copying   0x00284a    program     static obj/Debug/crt0ipinguino.asm
                     done   0x00285e    program     static obj/Debug/crt0ipinguino.asm
                __startup   0x0029ce    program     extern obj/Debug/crt0ipinguino.asm
                   lockup   0x0029e4    program     static obj/Debug/crt0ipinguino.asm
        _application_main   0x002a12    program     extern obj/Debug/crt0ipinguino.asm
                   ___i__   0x000201       data     extern /home/yeison/Documentos/Pinguino/pinguino-ide/pinguino/source/main.asm
                    r0x00   00000000       data     static /home/yeison/Documentos/Pinguino/pinguino-ide/pinguino/source/main.asm
                    r0x01   0x000001       data     static /home/yeison/Documentos/Pinguino/pinguino-ide/pinguino/source/main.asm
                    r0x02   0x000002       data     static /home/yeison/Documentos/Pinguino/pinguino-ide/pinguino/source/main.asm
                    r0x03   0x000003       data     static /home/yeison/Documentos/Pinguino/pinguino-ide/pinguino/source/main.asm
                    r0x04   0x000004       data     static /home/yeison/Documentos/Pinguino/pinguino-ide/pinguino/source/main.asm
           _pinguino_main   0x002990    program     extern /home/yeison/Documentos/Pinguino/pinguino-ide/pinguino/source/main.asm
               _00297_DS_   0x002998    program     static /home/yeison/Documentos/Pinguino/pinguino-ide/pinguino/source/main.asm
               _00299_DS_   0x0029a8    program     static /home/yeison/Documentos/Pinguino/pinguino-ide/pinguino/source/main.asm
            _epapout_init   0x002a18    program     extern /home/yeison/Documentos/Pinguino/pinguino-ide/pinguino/source/main.asm
             _epapin_init   0x002a1a    program     extern /home/yeison/Documentos/Pinguino/pinguino-ide/pinguino/source/main.asm
                _epap_out   0x002a1c    program     extern /home/yeison/Documentos/Pinguino/pinguino-ide/pinguino/source/main.asm
                 _epap_in   0x002a1e    program     extern /home/yeison/Documentos/Pinguino/pinguino-ide/pinguino/source/main.asm
                    _loop   0x002906    program     extern /home/yeison/Documentos/Pinguino/pinguino-ide/pinguino/source/main.asm
               _00261_DS_   0x00290c    program     static /home/yeison/Documentos/Pinguino/pinguino-ide/pinguino/source/main.asm
               _10296_DS_   0x00292c    program     static /home/yeison/Documentos/Pinguino/pinguino-ide/pinguino/source/main.asm
               _00271_DS_   0x00293a    program     static /home/yeison/Documentos/Pinguino/pinguino-ide/pinguino/source/main.asm
                   _setup   0x0029e6    program     extern /home/yeison/Documentos/Pinguino/pinguino-ide/pinguino/source/main.asm
              _IO_digital   0x002a04    program     extern /home/yeison/Documentos/Pinguino/pinguino-ide/pinguino/source/main.asm
                 _IO_init   0x0029b0    program     extern /home/yeison/Documentos/Pinguino/pinguino-ide/pinguino/source/main.asm
                  _toggle   0x00294e    program     extern /home/yeison/Documentos/Pinguino/pinguino-ide/pinguino/source/main.asm
                 _pinmode   0x00235e    program     extern /home/yeison/Documentos/Pinguino/pinguino-ide/pinguino/source/main.asm
               _00235_DS_   0x0023d0    program     static /home/yeison/Documentos/Pinguino/pinguino-ide/pinguino/source/main.asm
               _00207_DS_   0x0023dc    program     static /home/yeison/Documentos/Pinguino/pinguino-ide/pinguino/source/main.asm
               _00209_DS_   0x00240a    program     static /home/yeison/Documentos/Pinguino/pinguino-ide/pinguino/source/main.asm
               _00211_DS_   0x002436    program     static /home/yeison/Documentos/Pinguino/pinguino-ide/pinguino/source/main.asm
               _00213_DS_   0x002464    program     static /home/yeison/Documentos/Pinguino/pinguino-ide/pinguino/source/main.asm
               _00215_DS_   0x002490    program     static /home/yeison/Documentos/Pinguino/pinguino-ide/pinguino/source/main.asm
               _00217_DS_   0x0024be    program     static /home/yeison/Documentos/Pinguino/pinguino-ide/pinguino/source/main.asm
               _00220_DS_   0x0024e6    program     static /home/yeison/Documentos/Pinguino/pinguino-ide/pinguino/source/main.asm
             _digitalread   0x0026a2    program     extern /home/yeison/Documentos/Pinguino/pinguino-ide/pinguino/source/main.asm
               _00202_DS_   0x00270a    program     static /home/yeison/Documentos/Pinguino/pinguino-ide/pinguino/source/main.asm
               _00174_DS_   0x002716    program     static /home/yeison/Documentos/Pinguino/pinguino-ide/pinguino/source/main.asm
               _00176_DS_   0x002746    program     static /home/yeison/Documentos/Pinguino/pinguino-ide/pinguino/source/main.asm
               _00178_DS_   0x00274a    program     static /home/yeison/Documentos/Pinguino/pinguino-ide/pinguino/source/main.asm
               _00180_DS_   0x00277a    program     static /home/yeison/Documentos/Pinguino/pinguino-ide/pinguino/source/main.asm
               _00182_DS_   0x00277e    program     static /home/yeison/Documentos/Pinguino/pinguino-ide/pinguino/source/main.asm
               _00184_DS_   0x0027ac    program     static /home/yeison/Documentos/Pinguino/pinguino-ide/pinguino/source/main.asm
               _00186_DS_   0x0027b0    program     static /home/yeison/Documentos/Pinguino/pinguino-ide/pinguino/source/main.asm
               _00187_DS_   0x0027b2    program     static /home/yeison/Documentos/Pinguino/pinguino-ide/pinguino/source/main.asm
            _digitalwrite   0x002500    program     extern /home/yeison/Documentos/Pinguino/pinguino-ide/pinguino/source/main.asm
               _00169_DS_   0x002572    program     static /home/yeison/Documentos/Pinguino/pinguino-ide/pinguino/source/main.asm
               _00141_DS_   0x00257e    program     static /home/yeison/Documentos/Pinguino/pinguino-ide/pinguino/source/main.asm
               _00143_DS_   0x0025ac    program     static /home/yeison/Documentos/Pinguino/pinguino-ide/pinguino/source/main.asm
               _00145_DS_   0x0025d8    program     static /home/yeison/Documentos/Pinguino/pinguino-ide/pinguino/source/main.asm
               _00147_DS_   0x002606    program     static /home/yeison/Documentos/Pinguino/pinguino-ide/pinguino/source/main.asm
               _00149_DS_   0x002632    program     static /home/yeison/Documentos/Pinguino/pinguino-ide/pinguino/source/main.asm
               _00151_DS_   0x002660    program     static /home/yeison/Documentos/Pinguino/pinguino-ide/pinguino/source/main.asm
               _00154_DS_   0x002688    program     static /home/yeison/Documentos/Pinguino/pinguino-ide/pinguino/source/main.asm
                 _Delayus   0x0028b6    program     extern /home/yeison/Documentos/Pinguino/pinguino-ide/pinguino/source/main.asm
               _00125_DS_   0x0028de    program     static /home/yeison/Documentos/Pinguino/pinguino-ide/pinguino/source/main.asm
               _00136_DS_   0x0028e8    program     static /home/yeison/Documentos/Pinguino/pinguino-ide/pinguino/source/main.asm
               _00127_DS_   0x0028f0    program     static /home/yeison/Documentos/Pinguino/pinguino-ide/pinguino/source/main.asm
                 _Delayms   0x002860    program     extern /home/yeison/Documentos/Pinguino/pinguino-ide/pinguino/source/main.asm
               _00107_DS_   0x002888    program     static /home/yeison/Documentos/Pinguino/pinguino-ide/pinguino/source/main.asm
               _00118_DS_   0x002892    program     static /home/yeison/Documentos/Pinguino/pinguino-ide/pinguino/source/main.asm
               _00109_DS_   0x0028a0    program     static /home/yeison/Documentos/Pinguino/pinguino-ide/pinguino/source/main.asm
                    _mask   0x002336    program     extern /home/yeison/Documentos/Pinguino/pinguino-ide/pinguino/source/main.asm
                    _port   0x00234a    program     extern /home/yeison/Documentos/Pinguino/pinguino-ide/pinguino/source/main.asm
                    _UFRM   0x000f66       data     extern libdev18f2550_a-pic18f2550.asm
                   _UFRML   0x000f66       data     extern libdev18f2550_a-pic18f2550.asm
               _UFRMLbits   0x000f66       data     extern libdev18f2550_a-pic18f2550.asm
                   _UFRMH   0x000f67       data     extern libdev18f2550_a-pic18f2550.asm
               _UFRMHbits   0x000f67       data     extern libdev18f2550_a-pic18f2550.asm
                     _UIR   0x000f68       data     extern libdev18f2550_a-pic18f2550.asm
                 _UIRbits   0x000f68       data     extern libdev18f2550_a-pic18f2550.asm
                     _UIE   0x000f69       data     extern libdev18f2550_a-pic18f2550.asm
                 _UIEbits   0x000f69       data     extern libdev18f2550_a-pic18f2550.asm
                    _UEIR   0x000f6a       data     extern libdev18f2550_a-pic18f2550.asm
                _UEIRbits   0x000f6a       data     extern libdev18f2550_a-pic18f2550.asm
                    _UEIE   0x000f6b       data     extern libdev18f2550_a-pic18f2550.asm
                _UEIEbits   0x000f6b       data     extern libdev18f2550_a-pic18f2550.asm
                   _USTAT   0x000f6c       data     extern libdev18f2550_a-pic18f2550.asm
               _USTATbits   0x000f6c       data     extern libdev18f2550_a-pic18f2550.asm
                    _UCON   0x000f6d       data     extern libdev18f2550_a-pic18f2550.asm
                _UCONbits   0x000f6d       data     extern libdev18f2550_a-pic18f2550.asm
                   _UADDR   0x000f6e       data     extern libdev18f2550_a-pic18f2550.asm
               _UADDRbits   0x000f6e       data     extern libdev18f2550_a-pic18f2550.asm
                    _UCFG   0x000f6f       data     extern libdev18f2550_a-pic18f2550.asm
                _UCFGbits   0x000f6f       data     extern libdev18f2550_a-pic18f2550.asm
                    _UEP0   0x000f70       data     extern libdev18f2550_a-pic18f2550.asm
                _UEP0bits   0x000f70       data     extern libdev18f2550_a-pic18f2550.asm
                    _UEP1   0x000f71       data     extern libdev18f2550_a-pic18f2550.asm
                _UEP1bits   0x000f71       data     extern libdev18f2550_a-pic18f2550.asm
                    _UEP2   0x000f72       data     extern libdev18f2550_a-pic18f2550.asm
                _UEP2bits   0x000f72       data     extern libdev18f2550_a-pic18f2550.asm
                    _UEP3   0x000f73       data     extern libdev18f2550_a-pic18f2550.asm
                _UEP3bits   0x000f73       data     extern libdev18f2550_a-pic18f2550.asm
                    _UEP4   0x000f74       data     extern libdev18f2550_a-pic18f2550.asm
                _UEP4bits   0x000f74       data     extern libdev18f2550_a-pic18f2550.asm
                    _UEP5   0x000f75       data     extern libdev18f2550_a-pic18f2550.asm
                _UEP5bits   0x000f75       data     extern libdev18f2550_a-pic18f2550.asm
                    _UEP6   0x000f76       data     extern libdev18f2550_a-pic18f2550.asm
                _UEP6bits   0x000f76       data     extern libdev18f2550_a-pic18f2550.asm
                    _UEP7   0x000f77       data     extern libdev18f2550_a-pic18f2550.asm
                _UEP7bits   0x000f77       data     extern libdev18f2550_a-pic18f2550.asm
                    _UEP8   0x000f78       data     extern libdev18f2550_a-pic18f2550.asm
                _UEP8bits   0x000f78       data     extern libdev18f2550_a-pic18f2550.asm
                    _UEP9   0x000f79       data     extern libdev18f2550_a-pic18f2550.asm
                _UEP9bits   0x000f79       data     extern libdev18f2550_a-pic18f2550.asm
                   _UEP10   0x000f7a       data     extern libdev18f2550_a-pic18f2550.asm
               _UEP10bits   0x000f7a       data     extern libdev18f2550_a-pic18f2550.asm
                   _UEP11   0x000f7b       data     extern libdev18f2550_a-pic18f2550.asm
               _UEP11bits   0x000f7b       data     extern libdev18f2550_a-pic18f2550.asm
                   _UEP12   0x000f7c       data     extern libdev18f2550_a-pic18f2550.asm
               _UEP12bits   0x000f7c       data     extern libdev18f2550_a-pic18f2550.asm
                   _UEP13   0x000f7d       data     extern libdev18f2550_a-pic18f2550.asm
               _UEP13bits   0x000f7d       data     extern libdev18f2550_a-pic18f2550.asm
                   _UEP14   0x000f7e       data     extern libdev18f2550_a-pic18f2550.asm
               _UEP14bits   0x000f7e       data     extern libdev18f2550_a-pic18f2550.asm
                   _UEP15   0x000f7f       data     extern libdev18f2550_a-pic18f2550.asm
               _UEP15bits   0x000f7f       data     extern libdev18f2550_a-pic18f2550.asm
                   _PORTA   0x000f80       data     extern libdev18f2550_a-pic18f2550.asm
               _PORTAbits   0x000f80       data     extern libdev18f2550_a-pic18f2550.asm
                   _PORTB   0x000f81       data     extern libdev18f2550_a-pic18f2550.asm
               _PORTBbits   0x000f81       data     extern libdev18f2550_a-pic18f2550.asm
                   _PORTC   0x000f82       data     extern libdev18f2550_a-pic18f2550.asm
               _PORTCbits   0x000f82       data     extern libdev18f2550_a-pic18f2550.asm
                   _PORTE   0x000f84       data     extern libdev18f2550_a-pic18f2550.asm
               _PORTEbits   0x000f84       data     extern libdev18f2550_a-pic18f2550.asm
                    _LATA   0x000f89       data     extern libdev18f2550_a-pic18f2550.asm
                _LATAbits   0x000f89       data     extern libdev18f2550_a-pic18f2550.asm
                    _LATB   0x000f8a       data     extern libdev18f2550_a-pic18f2550.asm
                _LATBbits   0x000f8a       data     extern libdev18f2550_a-pic18f2550.asm
                    _LATC   0x000f8b       data     extern libdev18f2550_a-pic18f2550.asm
                _LATCbits   0x000f8b       data     extern libdev18f2550_a-pic18f2550.asm
                    _DDRA   0x000f92       data     extern libdev18f2550_a-pic18f2550.asm
                _DDRAbits   0x000f92       data     extern libdev18f2550_a-pic18f2550.asm
                   _TRISA   0x000f92       data     extern libdev18f2550_a-pic18f2550.asm
               _TRISAbits   0x000f92       data     extern libdev18f2550_a-pic18f2550.asm
                    _DDRB   0x000f93       data     extern libdev18f2550_a-pic18f2550.asm
                _DDRBbits   0x000f93       data     extern libdev18f2550_a-pic18f2550.asm
                   _TRISB   0x000f93       data     extern libdev18f2550_a-pic18f2550.asm
               _TRISBbits   0x000f93       data     extern libdev18f2550_a-pic18f2550.asm
                    _DDRC   0x000f94       data     extern libdev18f2550_a-pic18f2550.asm
                _DDRCbits   0x000f94       data     extern libdev18f2550_a-pic18f2550.asm
                   _TRISC   0x000f94       data     extern libdev18f2550_a-pic18f2550.asm
               _TRISCbits   0x000f94       data     extern libdev18f2550_a-pic18f2550.asm
                 _OSCTUNE   0x000f9b       data     extern libdev18f2550_a-pic18f2550.asm
             _OSCTUNEbits   0x000f9b       data     extern libdev18f2550_a-pic18f2550.asm
                    _PIE1   0x000f9d       data     extern libdev18f2550_a-pic18f2550.asm
                _PIE1bits   0x000f9d       data     extern libdev18f2550_a-pic18f2550.asm
                    _PIR1   0x000f9e       data     extern libdev18f2550_a-pic18f2550.asm
                _PIR1bits   0x000f9e       data     extern libdev18f2550_a-pic18f2550.asm
                    _IPR1   0x000f9f       data     extern libdev18f2550_a-pic18f2550.asm
                _IPR1bits   0x000f9f       data     extern libdev18f2550_a-pic18f2550.asm
                    _PIE2   0x000fa0       data     extern libdev18f2550_a-pic18f2550.asm
                _PIE2bits   0x000fa0       data     extern libdev18f2550_a-pic18f2550.asm
                    _PIR2   0x000fa1       data     extern libdev18f2550_a-pic18f2550.asm
                _PIR2bits   0x000fa1       data     extern libdev18f2550_a-pic18f2550.asm
                    _IPR2   0x000fa2       data     extern libdev18f2550_a-pic18f2550.asm
                _IPR2bits   0x000fa2       data     extern libdev18f2550_a-pic18f2550.asm
                  _EECON1   0x000fa6       data     extern libdev18f2550_a-pic18f2550.asm
              _EECON1bits   0x000fa6       data     extern libdev18f2550_a-pic18f2550.asm
                  _EECON2   0x000fa7       data     extern libdev18f2550_a-pic18f2550.asm
                  _EEDATA   0x000fa8       data     extern libdev18f2550_a-pic18f2550.asm
                   _EEADR   0x000fa9       data     extern libdev18f2550_a-pic18f2550.asm
                   _RCSTA   0x000fab       data     extern libdev18f2550_a-pic18f2550.asm
               _RCSTAbits   0x000fab       data     extern libdev18f2550_a-pic18f2550.asm
                   _TXSTA   0x000fac       data     extern libdev18f2550_a-pic18f2550.asm
               _TXSTAbits   0x000fac       data     extern libdev18f2550_a-pic18f2550.asm
                   _TXREG   0x000fad       data     extern libdev18f2550_a-pic18f2550.asm
                   _RCREG   0x000fae       data     extern libdev18f2550_a-pic18f2550.asm
                   _SPBRG   0x000faf       data     extern libdev18f2550_a-pic18f2550.asm
                  _SPBRGH   0x000fb0       data     extern libdev18f2550_a-pic18f2550.asm
                   _T3CON   0x000fb1       data     extern libdev18f2550_a-pic18f2550.asm
               _T3CONbits   0x000fb1       data     extern libdev18f2550_a-pic18f2550.asm
                    _TMR3   0x000fb2       data     extern libdev18f2550_a-pic18f2550.asm
                   _TMR3L   0x000fb2       data     extern libdev18f2550_a-pic18f2550.asm
                   _TMR3H   0x000fb3       data     extern libdev18f2550_a-pic18f2550.asm
                   _CMCON   0x000fb4       data     extern libdev18f2550_a-pic18f2550.asm
               _CMCONbits   0x000fb4       data     extern libdev18f2550_a-pic18f2550.asm
                  _CVRCON   0x000fb5       data     extern libdev18f2550_a-pic18f2550.asm
              _CVRCONbits   0x000fb5       data     extern libdev18f2550_a-pic18f2550.asm
                  _CCP1AS   0x000fb6       data     extern libdev18f2550_a-pic18f2550.asm
              _CCP1ASbits   0x000fb6       data     extern libdev18f2550_a-pic18f2550.asm
                 _ECCP1AS   0x000fb6       data     extern libdev18f2550_a-pic18f2550.asm
             _ECCP1ASbits   0x000fb6       data     extern libdev18f2550_a-pic18f2550.asm
                 _CCP1DEL   0x000fb7       data     extern libdev18f2550_a-pic18f2550.asm
             _CCP1DELbits   0x000fb7       data     extern libdev18f2550_a-pic18f2550.asm
                _ECCP1DEL   0x000fb7       data     extern libdev18f2550_a-pic18f2550.asm
            _ECCP1DELbits   0x000fb7       data     extern libdev18f2550_a-pic18f2550.asm
                 _BAUDCON   0x000fb8       data     extern libdev18f2550_a-pic18f2550.asm
             _BAUDCONbits   0x000fb8       data     extern libdev18f2550_a-pic18f2550.asm
                 _BAUDCTL   0x000fb8       data     extern libdev18f2550_a-pic18f2550.asm
             _BAUDCTLbits   0x000fb8       data     extern libdev18f2550_a-pic18f2550.asm
                 _CCP2CON   0x000fba       data     extern libdev18f2550_a-pic18f2550.asm
             _CCP2CONbits   0x000fba       data     extern libdev18f2550_a-pic18f2550.asm
                   _CCPR2   0x000fbb       data     extern libdev18f2550_a-pic18f2550.asm
                  _CCPR2L   0x000fbb       data     extern libdev18f2550_a-pic18f2550.asm
                  _CCPR2H   0x000fbc       data     extern libdev18f2550_a-pic18f2550.asm
                 _CCP1CON   0x000fbd       data     extern libdev18f2550_a-pic18f2550.asm
             _CCP1CONbits   0x000fbd       data     extern libdev18f2550_a-pic18f2550.asm
                   _CCPR1   0x000fbe       data     extern libdev18f2550_a-pic18f2550.asm
                  _CCPR1L   0x000fbe       data     extern libdev18f2550_a-pic18f2550.asm
                  _CCPR1H   0x000fbf       data     extern libdev18f2550_a-pic18f2550.asm
                  _ADCON2   0x000fc0       data     extern libdev18f2550_a-pic18f2550.asm
              _ADCON2bits   0x000fc0       data     extern libdev18f2550_a-pic18f2550.asm
                  _ADCON1   0x000fc1       data     extern libdev18f2550_a-pic18f2550.asm
              _ADCON1bits   0x000fc1       data     extern libdev18f2550_a-pic18f2550.asm
                  _ADCON0   0x000fc2       data     extern libdev18f2550_a-pic18f2550.asm
              _ADCON0bits   0x000fc2       data     extern libdev18f2550_a-pic18f2550.asm
                   _ADRES   0x000fc3       data     extern libdev18f2550_a-pic18f2550.asm
                  _ADRESL   0x000fc3       data     extern libdev18f2550_a-pic18f2550.asm
                  _ADRESH   0x000fc4       data     extern libdev18f2550_a-pic18f2550.asm
                 _SSPCON2   0x000fc5       data     extern libdev18f2550_a-pic18f2550.asm
             _SSPCON2bits   0x000fc5       data     extern libdev18f2550_a-pic18f2550.asm
                 _SSPCON1   0x000fc6       data     extern libdev18f2550_a-pic18f2550.asm
             _SSPCON1bits   0x000fc6       data     extern libdev18f2550_a-pic18f2550.asm
                 _SSPSTAT   0x000fc7       data     extern libdev18f2550_a-pic18f2550.asm
             _SSPSTATbits   0x000fc7       data     extern libdev18f2550_a-pic18f2550.asm
                  _SSPADD   0x000fc8       data     extern libdev18f2550_a-pic18f2550.asm
                  _SSPBUF   0x000fc9       data     extern libdev18f2550_a-pic18f2550.asm
                   _T2CON   0x000fca       data     extern libdev18f2550_a-pic18f2550.asm
               _T2CONbits   0x000fca       data     extern libdev18f2550_a-pic18f2550.asm
                     _PR2   0x000fcb       data     extern libdev18f2550_a-pic18f2550.asm
                    _TMR2   0x000fcc       data     extern libdev18f2550_a-pic18f2550.asm
                   _T1CON   0x000fcd       data     extern libdev18f2550_a-pic18f2550.asm
               _T1CONbits   0x000fcd       data     extern libdev18f2550_a-pic18f2550.asm
                    _TMR1   0x000fce       data     extern libdev18f2550_a-pic18f2550.asm
                   _TMR1L   0x000fce       data     extern libdev18f2550_a-pic18f2550.asm
                   _TMR1H   0x000fcf       data     extern libdev18f2550_a-pic18f2550.asm
                    _RCON   0x000fd0       data     extern libdev18f2550_a-pic18f2550.asm
                _RCONbits   0x000fd0       data     extern libdev18f2550_a-pic18f2550.asm
                  _WDTCON   0x000fd1       data     extern libdev18f2550_a-pic18f2550.asm
              _WDTCONbits   0x000fd1       data     extern libdev18f2550_a-pic18f2550.asm
                 _HLVDCON   0x000fd2       data     extern libdev18f2550_a-pic18f2550.asm
             _HLVDCONbits   0x000fd2       data     extern libdev18f2550_a-pic18f2550.asm
                  _LVDCON   0x000fd2       data     extern libdev18f2550_a-pic18f2550.asm
              _LVDCONbits   0x000fd2       data     extern libdev18f2550_a-pic18f2550.asm
                  _OSCCON   0x000fd3       data     extern libdev18f2550_a-pic18f2550.asm
              _OSCCONbits   0x000fd3       data     extern libdev18f2550_a-pic18f2550.asm
                   _T0CON   0x000fd5       data     extern libdev18f2550_a-pic18f2550.asm
               _T0CONbits   0x000fd5       data     extern libdev18f2550_a-pic18f2550.asm
                    _TMR0   0x000fd6       data     extern libdev18f2550_a-pic18f2550.asm
                   _TMR0L   0x000fd6       data     extern libdev18f2550_a-pic18f2550.asm
                   _TMR0H   0x000fd7       data     extern libdev18f2550_a-pic18f2550.asm
                  _STATUS   0x000fd8       data     extern libdev18f2550_a-pic18f2550.asm
              _STATUSbits   0x000fd8       data     extern libdev18f2550_a-pic18f2550.asm
                   _FSR2L   0x000fd9       data     extern libdev18f2550_a-pic18f2550.asm
                   _FSR2H   0x000fda       data     extern libdev18f2550_a-pic18f2550.asm
                  _PLUSW2   0x000fdb       data     extern libdev18f2550_a-pic18f2550.asm
                 _PREINC2   0x000fdc       data     extern libdev18f2550_a-pic18f2550.asm
                _POSTDEC2   0x000fdd       data     extern libdev18f2550_a-pic18f2550.asm
                _POSTINC2   0x000fde       data     extern libdev18f2550_a-pic18f2550.asm
                   _INDF2   0x000fdf       data     extern libdev18f2550_a-pic18f2550.asm
                     _BSR   0x000fe0       data     extern libdev18f2550_a-pic18f2550.asm
                   _FSR1L   0x000fe1       data     extern libdev18f2550_a-pic18f2550.asm
                   _FSR1H   0x000fe2       data     extern libdev18f2550_a-pic18f2550.asm
                  _PLUSW1   0x000fe3       data     extern libdev18f2550_a-pic18f2550.asm
                 _PREINC1   0x000fe4       data     extern libdev18f2550_a-pic18f2550.asm
                _POSTDEC1   0x000fe5       data     extern libdev18f2550_a-pic18f2550.asm
                _POSTINC1   0x000fe6       data     extern libdev18f2550_a-pic18f2550.asm
                   _INDF1   0x000fe7       data     extern libdev18f2550_a-pic18f2550.asm
                    _WREG   0x000fe8       data     extern libdev18f2550_a-pic18f2550.asm
                   _FSR0L   0x000fe9       data     extern libdev18f2550_a-pic18f2550.asm
                   _FSR0H   0x000fea       data     extern libdev18f2550_a-pic18f2550.asm
                  _PLUSW0   0x000feb       data     extern libdev18f2550_a-pic18f2550.asm
                 _PREINC0   0x000fec       data     extern libdev18f2550_a-pic18f2550.asm
                _POSTDEC0   0x000fed       data     extern libdev18f2550_a-pic18f2550.asm
                _POSTINC0   0x000fee       data     extern libdev18f2550_a-pic18f2550.asm
                   _INDF0   0x000fef       data     extern libdev18f2550_a-pic18f2550.asm
                 _INTCON3   0x000ff0       data     extern libdev18f2550_a-pic18f2550.asm
             _INTCON3bits   0x000ff0       data     extern libdev18f2550_a-pic18f2550.asm
                 _INTCON2   0x000ff1       data     extern libdev18f2550_a-pic18f2550.asm
             _INTCON2bits   0x000ff1       data     extern libdev18f2550_a-pic18f2550.asm
                  _INTCON   0x000ff2       data     extern libdev18f2550_a-pic18f2550.asm
              _INTCONbits   0x000ff2       data     extern libdev18f2550_a-pic18f2550.asm
                    _PROD   0x000ff3       data     extern libdev18f2550_a-pic18f2550.asm
                   _PRODL   0x000ff3       data     extern libdev18f2550_a-pic18f2550.asm
                   _PRODH   0x000ff4       data     extern libdev18f2550_a-pic18f2550.asm
                  _TABLAT   0x000ff5       data     extern libdev18f2550_a-pic18f2550.asm
                  _TBLPTR   0x000ff6       data     extern libdev18f2550_a-pic18f2550.asm
                 _TBLPTRL   0x000ff6       data     extern libdev18f2550_a-pic18f2550.asm
                 _TBLPTRH   0x000ff7       data     extern libdev18f2550_a-pic18f2550.asm
                 _TBLPTRU   0x000ff8       data     extern libdev18f2550_a-pic18f2550.asm
                      _PC   0x000ff9       data     extern libdev18f2550_a-pic18f2550.asm
                     _PCL   0x000ff9       data     extern libdev18f2550_a-pic18f2550.asm
                  _PCLATH   0x000ffa       data     extern libdev18f2550_a-pic18f2550.asm
                  _PCLATU   0x000ffb       data     extern libdev18f2550_a-pic18f2550.asm
                  _STKPTR   0x000ffc       data     extern libdev18f2550_a-pic18f2550.asm
              _STKPTRbits   0x000ffc       data     extern libdev18f2550_a-pic18f2550.asm
                     _TOS   0x000ffd       data     extern libdev18f2550_a-pic18f2550.asm
                    _TOSL   0x000ffd       data     extern libdev18f2550_a-pic18f2550.asm
                    _TOSH   0x000ffe       data     extern libdev18f2550_a-pic18f2550.asm
                    _TOSU   0x000fff       data     extern libdev18f2550_a-pic18f2550.asm
                   _stack   0x000100       data     extern /dvpt/sdcc/sources/sdcc/device/lib/pic16/libsdcc/stack/stack.S
               _stack_end   0x0001ff       data     extern /dvpt/sdcc/sources/sdcc/device/lib/pic16/libsdcc/stack/stack.S
                   _cinit   0x0029f6    program     extern  
 
